Copyright 1986-2022 Xilinx, Inc. All Rights Reserved. Copyright 2022-2023 Advanced Micro Devices, Inc. All Rights Reserved.
---------------------------------------------------------------------------------------------------------------------------------------------
| Tool Version : Vivado v.2023.2 (lin64) Build 4029153 Fri Oct 13 20:13:54 MDT 2023
| Date         : Tue Oct 22 22:20:59 2024
| Host         : falcon running 64-bit Ubuntu 22.04.5 LTS
| Command      : report_utilization -hierarchical -file fpga_utilization_hierarchical.rpt
| Design       : fpga
| Device       : xc7a100tcsg324-1
| Speed File   : -1
| Design State : Routed
---------------------------------------------------------------------------------------------------------------------------------------------

Utilization Design Information

Table of Contents
-----------------
1. Utilization by Hierarchy

1. Utilization by Hierarchy
---------------------------

+-----------------------------------+-----------------------------------------+------------+------------+---------+------+------+--------+--------+------------+
|              Instance             |                  Module                 | Total LUTs | Logic LUTs | LUTRAMs | SRLs |  FFs | RAMB36 | RAMB18 | DSP Blocks |
+-----------------------------------+-----------------------------------------+------------+------------+---------+------+------+--------+--------+------------+
| fpga                              |                                   (top) |       1732 |       1656 |      76 |    0 | 2632 |      3 |      4 |          0 |
|   (fpga)                          |                                   (top) |          0 |          0 |       0 |    0 |    9 |      0 |      0 |          0 |
|   core_inst                       |                               fpga_core |       1703 |       1627 |      76 |    0 | 2597 |      3 |      4 |          0 |
|     (core_inst)                   |                               fpga_core |          2 |          2 |       0 |    0 |    8 |      0 |      0 |          0 |
|     ByteCounter                   |                                 counter |         30 |         30 |       0 |    0 |    8 |      0 |      0 |          0 |
|       cntrflop                    |                                 flopenr |         30 |         30 |       0 |    0 |    8 |      0 |      0 |          0 |
|     eth_axis_rx_inst              |                             eth_axis_rx |         41 |         41 |       0 |    0 |   95 |      0 |      0 |          0 |
|     eth_axis_tx_inst              |                             eth_axis_tx |         53 |         53 |       0 |    0 |   81 |      0 |      0 |          0 |
|     eth_mac_inst                  |                        eth_mac_mii_fifo |        319 |        319 |       0 |    0 |  470 |      2 |      1 |          0 |
|       (eth_mac_inst)              |                        eth_mac_mii_fifo |          0 |          0 |       0 |    0 |    0 |      0 |      0 |          0 |
|       eth_mac_1g_mii_inst         |                             eth_mac_mii |        165 |        165 |       0 |    0 |  175 |      0 |      0 |          0 |
|         eth_mac_1g_inst           |                              eth_mac_1g |        162 |        162 |       0 |    0 |  167 |      0 |      0 |          0 |
|           axis_gmii_rx_inst       |                            axis_gmii_rx |         71 |         71 |       0 |    0 |   98 |      0 |      0 |          0 |
|             (axis_gmii_rx_inst)   |                            axis_gmii_rx |         38 |         38 |       0 |    0 |   98 |      0 |      0 |          0 |
|             eth_crc_8             |                                  lfsr_1 |         33 |         33 |       0 |    0 |    0 |      0 |      0 |          0 |
|           axis_gmii_tx_inst       |                            axis_gmii_tx |         91 |         91 |       0 |    0 |   69 |      0 |      0 |          0 |
|             (axis_gmii_tx_inst)   |                            axis_gmii_tx |         58 |         58 |       0 |    0 |   69 |      0 |      0 |          0 |
|             eth_crc_8             |                                    lfsr |         33 |         33 |       0 |    0 |    0 |      0 |      0 |          0 |
|         mii_phy_if_inst           |                              mii_phy_if |          3 |          3 |       0 |    0 |    8 |      0 |      0 |          0 |
|           (mii_phy_if_inst)       |                              mii_phy_if |          2 |          2 |       0 |    0 |    8 |      0 |      0 |          0 |
|           rx_ssio_sdr_inst        |                             ssio_sdr_in |          1 |          1 |       0 |    0 |    0 |      0 |      0 |          0 |
|       rx_fifo                     | axis_async_fifo_adapter__parameterized0 |         69 |         69 |       0 |    0 |  147 |      1 |      1 |          0 |
|         fifo_inst                 |         axis_async_fifo__parameterized0 |         69 |         69 |       0 |    0 |  147 |      1 |      1 |          0 |
|       tx_fifo                     |                 axis_async_fifo_adapter |         87 |         87 |       0 |    0 |  148 |      1 |      0 |          0 |
|         fifo_inst                 |                         axis_async_fifo |         87 |         87 |       0 |    0 |  148 |      1 |      0 |          0 |
|     udp_complete_inst             |                            udp_complete |       1241 |       1165 |      76 |    0 | 1892 |      1 |      2 |          0 |
|       (udp_complete_inst)         |                            udp_complete |          0 |          0 |       0 |    0 |    2 |      0 |      0 |          0 |
|       ip_arb_mux_inst             |                              ip_arb_mux |         35 |         35 |       0 |    0 |   90 |      0 |      0 |          0 |
|         (ip_arb_mux_inst)         |                              ip_arb_mux |         28 |         28 |       0 |    0 |   89 |      0 |      0 |          0 |
|         arb_inst                  |                               arbiter_0 |          7 |          7 |       0 |    0 |    1 |      0 |      0 |          0 |
|       ip_complete_inst            |                             ip_complete |        847 |        831 |      16 |    0 | 1337 |      1 |      1 |          0 |
|         (ip_complete_inst)        |                             ip_complete |          0 |          0 |       0 |    0 |    3 |      0 |      0 |          0 |
|         arp_inst                  |                                     arp |        392 |        376 |      16 |    0 |  874 |      1 |      1 |          0 |
|           (arp_inst)              |                                     arp |         72 |         72 |       0 |    0 |  317 |      0 |      0 |          0 |
|           arp_cache_inst          |                               arp_cache |        160 |        144 |      16 |    0 |  113 |      1 |      1 |          0 |
|           arp_eth_rx_inst         |                              arp_eth_rx |        101 |        101 |       0 |    0 |  283 |      0 |      0 |          0 |
|           arp_eth_tx_inst         |                              arp_eth_tx |         60 |         60 |       0 |    0 |  161 |      0 |      0 |          0 |
|         eth_arb_mux_inst          |                             eth_arb_mux |         32 |         32 |       0 |    0 |   80 |      0 |      0 |          0 |
|           (eth_arb_mux_inst)      |                             eth_arb_mux |          5 |          5 |       0 |    0 |   77 |      0 |      0 |          0 |
|           arb_inst                |                                 arbiter |         27 |         27 |       0 |    0 |    3 |      0 |      0 |          0 |
|         ip_inst                   |                                      ip |        423 |        423 |       0 |    0 |  380 |      0 |      0 |          0 |
|           (ip_inst)               |                                      ip |          4 |          4 |       0 |    0 |   55 |      0 |      0 |          0 |
|           ip_eth_rx_inst          |                               ip_eth_rx |        146 |        146 |       0 |    0 |  137 |      0 |      0 |          0 |
|           ip_eth_tx_inst          |                               ip_eth_tx |        273 |        273 |       0 |    0 |  188 |      0 |      0 |          0 |
|       udp_inst                    |                                     udp |        359 |        299 |      60 |    0 |  463 |      0 |      1 |          0 |
|         udp_checksum_gen_inst     |                        udp_checksum_gen |        194 |        134 |      60 |    0 |  218 |      0 |      1 |          0 |
|           (udp_checksum_gen_inst) |                        udp_checksum_gen |        172 |        112 |      60 |    0 |  181 |      0 |      0 |          0 |
|           payload_fifo            |                               axis_fifo |         22 |         22 |       0 |    0 |   37 |      0 |      1 |          0 |
|         udp_ip_rx_inst            |                               udp_ip_rx |         63 |         63 |       0 |    0 |   88 |      0 |      0 |          0 |
|         udp_ip_tx_inst            |                               udp_ip_tx |        102 |        102 |       0 |    0 |  157 |      0 |      0 |          0 |
|     udp_payload_fifo              |               axis_fifo__parameterized0 |         18 |         18 |       0 |    0 |   43 |      0 |      1 |          0 |
|   debounce_switch_inst            |                         debounce_switch |         26 |         26 |       0 |    0 |   22 |      0 |      0 |          0 |
|   sync_reset_inst                 |                              sync_reset |          3 |          3 |       0 |    0 |    4 |      0 |      0 |          0 |
+-----------------------------------+-----------------------------------------+------------+------------+---------+------+------+--------+--------+------------+
* Note: The sum of lower-level cells may be larger than their parent cells total, due to cross-hierarchy LUT combining


